12345678901,NULL,"123456zx",-858993460,"baz","bar","12345e-4cv"
-1234567890,NULL,"123456.7zx",3435973836,"baz","bar","12345e-4cv"
1234567890,NULL,123456.700000,13421772,"foo","bar",1.234500
-1234567,NULL,-1234.567000,52428,"world","blob2",12345
1234567,NULL,1234.567000,x12,"hello","blob",123.450000
-42,NULL,1234.567000,x12,"hello","blob",123.450000
